// Jest Snapshot v1, https://goo.gl/fbAQLP

exports[`Photo Component renders a photo 1`] = `
<img
  src="/path"
/>
`;
